../Core/Src/main.c:97:5:main	8	static
../Core/Src/main.c:186:6:SystemClock_Config	72	static
../Core/Src/main.c:223:13:MX_USART1_UART_Init	8	static
../Core/Src/main.c:256:13:MX_GPIO_Init	32	static
../Core/Src/main.c:277:6:un_monitor	16	static
../Core/Src/main.c:291:6:StartSender1	32	static
../Core/Src/main.c:314:6:StartReceiver	48	static
../Core/Src/main.c:347:6:StartSender2	48	static
../Core/Src/main.c:372:6:HAL_TIM_PeriodElapsedCallback	16	static
../Core/Src/main.c:389:6:Error_Handler	4	static,ignoring_inline_asm
